// Jest Snapshot v1, https://goo.gl/fbAQLP

exports[`render a contact section test 1`] = `
<body>
  <div
    id="containeer"
  />
  <div>
    <section
      id="Contact"
      style="padding: 132px 0px; background: rgb(222, 248, 255);"
    >
      <div
        class="MuiContainer-root MuiContainer-maxWidthLg MuiContainer-fixed css-1ss2ei0-MuiContainer-root"
      >
        <div>
          <h2>
            Contact
          </h2>
          <div>
            <div>
              <form
                class="inputs"
              >
                <div
                  class="input-container"
                >
                  <input
                    autocomplete="off"
                    class="text-input"
                    id="Name"
                    name="Name"
                    placeholder="Enter your name"
                    required=""
                    type="text"
                    value=""
                  />
                  <label
                    class="label"
                    for="Name"
                  >
                    Name
                  </label>
                </div>
                <div
                  class="input-container"
                >
                  <input
                    autocomplete="off"
                    class="text-input"
                    id="Email"
                    name="Email"
                    placeholder="Enter your email"
                    required=""
                    type="email"
                    value=""
                  />
                  <label
                    class="label"
                    for="Email"
                  >
                    Email
                  </label>
                </div>
                <div
                  class="input-container"
                >
                  <input
                    autocomplete="off"
                    class="text-input"
                    id="Phone"
                    name="Phone"
                    placeholder="Enter your phone"
                    required=""
                    type="tel"
                    value=""
                  />
                  <label
                    class="label"
                    for="Phone"
                  >
                    Phone
                  </label>
                </div>
                <div
                  class="input-container"
                >
                  <textarea
                    autocomplete="off"
                    class="text-input"
                    id="Message"
                    name="Message"
                    placeholder="Write your message"
                    required=""
                    rows="5"
                    style="resize: none;"
                    type="textarea"
                  />
                  <label
                    class="label"
                    for="Message"
                  >
                    Message
                  </label>
                </div>
                <button
                  aria-label="submit data"
                  class="MuiButton-root MuiButton-contained MuiButton-containedPrimary MuiButton-sizeMedium MuiButton-containedSizeMedium MuiButtonBase-root Mui-disabled  css-sghohy-MuiButtonBase-root-MuiButton-root"
                  disabled=""
                  style="text-transform: capitalize;"
                  tabindex="-1"
                  type="submit"
                >
                  Submit the message
                  <span
                    class="MuiButton-endIcon MuiButton-iconSizeMedium css-9tj150-MuiButton-endIcon"
                  >
                    <svg
                      fill="currentColor"
                      height="1em"
                      stroke="currentColor"
                      stroke-width="0"
                      viewBox="0 0 512 512"
                      width="1em"
                      xmlns="http://www.w3.org/2000/svg"
                    >
                      <path
                        d="M435.9 64.9l-367.1 160c-6.5 3.1-6.3 12.4.3 15.3l99.3 56.1c5.9 3.3 13.2 2.6 18.3-1.8l195.8-168.8c1.3-1.1 4.4-3.2 5.6-2 1.3 1.3-.7 4.3-1.8 5.6L216.9 320.1c-4.7 5.3-5.4 13.1-1.6 19.1l64.9 104.1c3.2 6.3 12.3 6.2 15.2-.2L447.2 76c3.3-7.2-4.2-14.5-11.3-11.1z"
                      />
                    </svg>
                  </span>
                </button>
              </form>
            </div>
          </div>
        </div>
      </div>
    </section>
  </div>
</body>
`;
